// Jest Snapshot v1, https://goo.gl/fbAQLP

exports[`Index should render without throwing an error 1`] = `
<div
  className="container"
>
  <h1>
    Im ur app
  </h1>
  <h2>
    Im ur app
  </h2>
  <p>
    Im ur app
  </p>
  <form>
    <div
      className="input_field"
    >
      <input
        className="input_line"
        placeholder="password"
      />
      <div
        className="icon"
      >
        <img
          alt=""
        />
      </div>
    </div>
    <select
      className="dropdown"
    >
      <option
        value="Hi"
      >
        Hi
      </option>
    </select>
    <button
      className="submit_btn"
    >
      Login
    </button>
    <nav>
      <button
        className="submit_btn"
      >
        +
      </button>
    </nav>
    <a
      href="#"
    >
      <div
        className="link"
      >
        <h2>
          Link goes here
        </h2>
        <p>
          Description goes here
        </p>
        <div
          className="icon"
        >
          <img
            alt=""
          />
        </div>
      </div>
    </a>
  </form>
</div>
`;
